%!Adobe-FontList 1.20
%Locale:0x409

%BeginFont
Handler:DirectoryHandler
FontType:TrueType
FontName:LvmRotis-Extrabold
FamilyName:LvmRotis-Extrabold
StyleName:Regular
MenuName:LvmRotis-Extrabold
StyleBits:0
WeightClass:800
WidthClass:5
AngleClass:0
FullName:LvmRotis-Extrabold
WritingScript:Roman
OutlineFileName:/Volumes/Kunden/T/Traumzaun24/Internet/Anfrageformular/2017_11_TZ24_Anfrageformular_Desktop_Ordner/Document fonts/LvmRotEB.ttf
DataFormat:sfntData
hasSVG:no
VariableFontType:NonVariableFont
FileLength:58176
FileModTime:309371834
NameArray:0,Mac,4,LvmRotis-Extrabold
NameArray:0,Win,1,LvmRotis-Extrabold
%EndFont

%BeginFont
Handler:DirectoryHandler
FontType:TrueType
FontName:LvmRotis-Italic
FamilyName:LvmRotis
StyleName:Italic
MenuName:LvmRotis
StyleBits:1
WeightClass:400
WidthClass:5
AngleClass:1
FullName:LvmRotis-Italic
WritingScript:Roman
OutlineFileName:/Volumes/Kunden/T/Traumzaun24/Internet/Anfrageformular/2017_11_TZ24_Anfrageformular_Desktop_Ordner/Document fonts/LvmRotI_.ttf
DataFormat:sfntData
hasSVG:no
VariableFontType:NonVariableFont
FileLength:62596
FileModTime:309371864
NameArray:0,Mac,4,LvmRotis-Italic
NameArray:0,Win,1,LvmRotis
%EndFont

%BeginFont
Handler:DirectoryHandler
FontType:TrueType
FontName:LvmRotis-Roman
FamilyName:LvmRotis
StyleName:Regular
MenuName:LvmRotis
StyleBits:0
WeightClass:400
WidthClass:5
AngleClass:0
FullName:LvmRotis-Roman
WritingScript:Roman
OutlineFileName:/Volumes/Kunden/T/Traumzaun24/Internet/Anfrageformular/2017_11_TZ24_Anfrageformular_Desktop_Ordner/Document fonts/LvmRotR_.ttf
DataFormat:sfntData
hasSVG:no
VariableFontType:NonVariableFont
FileLength:61396
FileModTime:309371843
NameArray:0,Mac,4,LvmRotis-Roman
NameArray:0,Win,1,LvmRotis
%EndFont

